Analysis & Synthesis report for Design1
Tue Dec 19 20:17:28 2023
Quartus II Version 9.1 Build 350 03/24/2010 Service Pack 2 SJ Web Edition


---------------------
; Table of Contents ;
---------------------
  1. Legal Notice
  2. Analysis & Synthesis Summary
  3. Analysis & Synthesis Settings
  4. Parallel Compilation
  5. Analysis & Synthesis Messages



----------------
; Legal Notice ;
----------------
Copyright (C) 1991-2010 Altera Corporation
Your use of Altera Corporation's design tools, logic functions 
and other software and tools, and its AMPP partner logic 
functions, and any output files from any of the foregoing 
(including device programming or simulation files), and any 
associated documentation or information are expressly subject 
to the terms and conditions of the Altera Program License 
Subscription Agreement, Altera MegaCore Function License 
Agreement, or other applicable license agreement, including, 
without limitation, that your use is for the sole purpose of 
programming logic devices manufactured by Altera and sold by 
Altera or its authorized distributors.  Please refer to the 
applicable agreement for further details.



+-----------------------------------------------------------------------------------+
; Analysis & Synthesis Summary                                                      ;
+------------------------------------+----------------------------------------------+
; Analysis & Synthesis Status        ; Failed - Tue Dec 19 20:17:28 2023            ;
; Quartus II Version                 ; 9.1 Build 350 03/24/2010 SP 2 SJ Web Edition ;
; Revision Name                      ; Design1                                      ;
; Top-level Entity Name              ; sender_receiver                              ;
; Family                             ; Cyclone II                                   ;
; Total logic elements               ; N/A until Partition Merge                    ;
;     Total combinational functions  ; N/A until Partition Merge                    ;
;     Dedicated logic registers      ; N/A until Partition Merge                    ;
; Total registers                    ; N/A until Partition Merge                    ;
; Total pins                         ; N/A until Partition Merge                    ;
; Total virtual pins                 ; N/A until Partition Merge                    ;
; Total memory bits                  ; N/A until Partition Merge                    ;
; Embedded Multiplier 9-bit elements ; N/A until Partition Merge                    ;
; Total PLLs                         ; N/A until Partition Merge                    ;
+------------------------------------+----------------------------------------------+


+----------------------------------------------------------------------------------------------------------------------+
; Analysis & Synthesis Settings                                                                                        ;
+----------------------------------------------------------------------------+--------------------+--------------------+
; Option                                                                     ; Setting            ; Default Value      ;
+----------------------------------------------------------------------------+--------------------+--------------------+
; Device                                                                     ; EP2C35F672C6       ;                    ;
; Top-level entity name                                                      ; sender_receiver    ; Design1            ;
; Family name                                                                ; Cyclone II         ; Stratix II         ;
; Use smart compilation                                                      ; Off                ; Off                ;
; Enable parallel Assembler and TimeQuest Timing Analyzer during compilation ; On                 ; On                 ;
; Enable compact report table                                                ; Off                ; Off                ;
; Restructure Multiplexers                                                   ; Auto               ; Auto               ;
; Create Debugging Nodes for IP Cores                                        ; Off                ; Off                ;
; Preserve fewer node names                                                  ; On                 ; On                 ;
; Disable OpenCore Plus hardware evaluation                                  ; Off                ; Off                ;
; Verilog Version                                                            ; Verilog_2001       ; Verilog_2001       ;
; VHDL Version                                                               ; VHDL_1993          ; VHDL_1993          ;
; State Machine Processing                                                   ; Auto               ; Auto               ;
; Safe State Machine                                                         ; Off                ; Off                ;
; Extract Verilog State Machines                                             ; On                 ; On                 ;
; Extract VHDL State Machines                                                ; On                 ; On                 ;
; Ignore Verilog initial constructs                                          ; Off                ; Off                ;
; Iteration limit for constant Verilog loops                                 ; 5000               ; 5000               ;
; Iteration limit for non-constant Verilog loops                             ; 250                ; 250                ;
; Add Pass-Through Logic to Inferred RAMs                                    ; On                 ; On                 ;
; Parallel Synthesis                                                         ; On                 ; On                 ;
; DSP Block Balancing                                                        ; Auto               ; Auto               ;
; NOT Gate Push-Back                                                         ; On                 ; On                 ;
; Power-Up Don't Care                                                        ; On                 ; On                 ;
; Remove Redundant Logic Cells                                               ; Off                ; Off                ;
; Remove Duplicate Registers                                                 ; On                 ; On                 ;
; Ignore CARRY Buffers                                                       ; Off                ; Off                ;
; Ignore CASCADE Buffers                                                     ; Off                ; Off                ;
; Ignore GLOBAL Buffers                                                      ; Off                ; Off                ;
; Ignore ROW GLOBAL Buffers                                                  ; Off                ; Off                ;
; Ignore LCELL Buffers                                                       ; Off                ; Off                ;
; Ignore SOFT Buffers                                                        ; On                 ; On                 ;
; Limit AHDL Integers to 32 Bits                                             ; Off                ; Off                ;
; Optimization Technique                                                     ; Balanced           ; Balanced           ;
; Carry Chain Length                                                         ; 70                 ; 70                 ;
; Auto Carry Chains                                                          ; On                 ; On                 ;
; Auto Open-Drain Pins                                                       ; On                 ; On                 ;
; Perform WYSIWYG Primitive Resynthesis                                      ; Off                ; Off                ;
; Auto ROM Replacement                                                       ; On                 ; On                 ;
; Auto RAM Replacement                                                       ; On                 ; On                 ;
; Auto Shift Register Replacement                                            ; Auto               ; Auto               ;
; Auto Clock Enable Replacement                                              ; On                 ; On                 ;
; Strict RAM Replacement                                                     ; Off                ; Off                ;
; Allow Synchronous Control Signals                                          ; On                 ; On                 ;
; Force Use of Synchronous Clear Signals                                     ; Off                ; Off                ;
; Auto RAM to Logic Cell Conversion                                          ; Off                ; Off                ;
; Auto Resource Sharing                                                      ; Off                ; Off                ;
; Allow Any RAM Size For Recognition                                         ; Off                ; Off                ;
; Allow Any ROM Size For Recognition                                         ; Off                ; Off                ;
; Allow Any Shift Register Size For Recognition                              ; Off                ; Off                ;
; Use LogicLock Constraints during Resource Balancing                        ; On                 ; On                 ;
; Ignore translate_off and synthesis_off directives                          ; Off                ; Off                ;
; Timing-Driven Synthesis                                                    ; Off                ; Off                ;
; Show Parameter Settings Tables in Synthesis Report                         ; On                 ; On                 ;
; Ignore Maximum Fan-Out Assignments                                         ; Off                ; Off                ;
; Synchronization Register Chain Length                                      ; 2                  ; 2                  ;
; PowerPlay Power Optimization                                               ; Normal compilation ; Normal compilation ;
; HDL message level                                                          ; Level2             ; Level2             ;
; Suppress Register Optimization Related Messages                            ; Off                ; Off                ;
; Number of Removed Registers Reported in Synthesis Report                   ; 5000               ; 5000               ;
; Number of Inverted Registers Reported in Synthesis Report                  ; 100                ; 100                ;
; Clock MUX Protection                                                       ; On                 ; On                 ;
; Auto Gated Clock Conversion                                                ; Off                ; Off                ;
; Block Design Naming                                                        ; Auto               ; Auto               ;
; SDC constraint protection                                                  ; Off                ; Off                ;
; Synthesis Effort                                                           ; Auto               ; Auto               ;
; Shift Register Replacement - Allow Asynchronous Clear Signal               ; On                 ; On                 ;
; Analysis & Synthesis Message Level                                         ; Medium             ; Medium             ;
; Disable Register Merging Across Hierarchies                                ; Auto               ; Auto               ;
; Resource Aware Inference For Block RAM                                     ; On                 ; On                 ;
+----------------------------------------------------------------------------+--------------------+--------------------+


Parallel compilation was disabled, but you have multiple processors available. Enable parallel compilation to reduce compilation time.
+-------------------------------------+
; Parallel Compilation                ;
+----------------------------+--------+
; Processors                 ; Number ;
+----------------------------+--------+
; Number detected on machine ; 4      ;
; Maximum allowed            ; 1      ;
+----------------------------+--------+


+-------------------------------+
; Analysis & Synthesis Messages ;
+-------------------------------+
Info: *******************************************************************
Info: Running Quartus II Analysis & Synthesis
    Info: Version 9.1 Build 350 03/24/2010 Service Pack 2 SJ Web Edition
    Info: Processing started: Tue Dec 19 20:17:26 2023
Info: Command: quartus_map --read_settings_files=on --write_settings_files=off Design1 -c Design1
Info: Found 2 design units, including 1 entities, in source file protocol_rx_checkers.vhd
    Info: Found design unit 1: protocol_rx_checkers-main
    Info: Found entity 1: protocol_rx_checkers
Info: Found 2 design units, including 1 entities, in source file protocol_tx_checkers.vhd
    Info: Found design unit 1: protocol_tx_checkers-main
    Info: Found entity 1: protocol_tx_checkers
Info: Found 1 design units, including 1 entities, in source file vga.bdf
    Info: Found entity 1: VGA
Info: Found 2 design units, including 1 entities, in source file vga_visualisation.vhd
    Info: Found design unit 1: vga_visualisation-bdf_type
    Info: Found entity 1: vga_visualisation
Info: Found 2 design units, including 1 entities, in source file game_checkers.vhd
    Info: Found design unit 1: Game_Checkers-arq
    Info: Found entity 1: Game_Checkers
Info: Found 2 design units, including 1 entities, in source file main_checkers.vhd
    Info: Found design unit 1: Main_Checkers-arq
    Info: Found entity 1: Main_Checkers
Info: Found 2 design units, including 1 entities, in source file mux_address.vhd
    Info: Found design unit 1: mux_address-Behavioral
    Info: Found entity 1: mux_address
Info: Found 2 design units, including 1 entities, in source file mux_piece.vhd
    Info: Found design unit 1: mux_piece-Behavioral
    Info: Found entity 1: mux_piece
Info: Found 2 design units, including 1 entities, in source file mux_write.vhd
    Info: Found design unit 1: mux_write-Behavioral
    Info: Found entity 1: mux_write
Info: Found 1 design units, including 1 entities, in source file p1_board_vga.bdf
    Info: Found entity 1: P1_BOARD_vga
Info: Found 1 design units, including 1 entities, in source file keyboard.bdf
    Info: Found entity 1: keyboard
Info: Found 1 design units, including 1 entities, in source file vga_test_board.bdf
    Info: Found entity 1: VGA_TEST_BOARD
Error: Can't compile duplicate declarations of entity "vga_visualisation" into library "work"
    Error: Instance could be entity "vga_visualisation" in file vga_visualisation.vhd File: C:/Users/Isaac/Desktop/Estudis I Feina/MET/MET/Electronic System Design for Communications (ESDC)/Lab Isaac/aux_2_folder/ESDC-project/Restored/vga_visualisation.vhd Line: 25
    Error: Instance could be entity "VGA_visualisation" in file VGA_visualisation.bdf
Info: Found 1 design units, including 1 entities, in source file vga_visualisation.bdf
Info: Found 2 design units, including 1 entities, in source file i_o_manager_vga.vhd
    Info: Found design unit 1: i_o_manager_vga-bdf_type
    Info: Found entity 1: i_o_manager_vga
Info: Found 2 design units, including 1 entities, in source file add_generator.vhd
    Info: Found design unit 1: add_generator-a
    Info: Found entity 1: add_generator
Info: Found 2 design units, including 1 entities, in source file bcd7seg.vhd
    Info: Found design unit 1: BCD7seg-behaviour
    Info: Found entity 1: BCD7seg
Info: Found 2 design units, including 1 entities, in source file clk_div_two.vhd
    Info: Found design unit 1: clk_div_two-simple
    Info: Found entity 1: clk_div_two
Info: Found 4 design units, including 2 entities, in source file clk_video.vhd
    Info: Found design unit 1: clk_video_altclkctrl_6df-RTL
    Info: Found design unit 2: clk_video-RTL
    Info: Found entity 1: clk_video_altclkctrl_6df
    Info: Found entity 2: clk_video
Info: Found 2 design units, including 1 entities, in source file count4b.vhd
    Info: Found design unit 1: count4b-arc_count4b
    Info: Found entity 1: count4b
Info: Found 2 design units, including 1 entities, in source file f_div.vhd
    Info: Found design unit 1: f_div-dni
    Info: Found entity 1: f_div
Info: Found 2 design units, including 1 entities, in source file hex_disps.vhd
    Info: Found design unit 1: hex_disps-struct
    Info: Found entity 1: hex_disps
Info: Found 2 design units, including 1 entities, in source file keypad.vhd
    Info: Found design unit 1: keypad-arc_keypad
    Info: Found entity 1: keypad
Info: Found 2 design units, including 1 entities, in source file keytest_h_v2.vhd
    Info: Found design unit 1: keytest_h_v2-main
    Info: Found entity 1: keytest_h_v2
Info: Found 2 design units, including 1 entities, in source file big_block.vhd
    Info: Found design unit 1: big_block-main
    Info: Found entity 1: big_block
Info: Found 2 design units, including 1 entities, in source file protocol_rx.vhd
    Info: Found design unit 1: protocol_rx-main
    Info: Found entity 1: protocol_rx
Info: Found 2 design units, including 1 entities, in source file protocol_tx.vhd
    Info: Found design unit 1: protocol_tx-main
    Info: Found entity 1: protocol_tx
Info: Found 2 design units, including 1 entities, in source file square.vhd
    Info: Found design unit 1: square-functional
    Info: Found entity 1: square
Info: Found 2 design units, including 1 entities, in source file rx_module2.vhd
    Info: Found design unit 1: rx_module2-main
    Info: Found entity 1: rx_module2
Info: Found 2 design units, including 1 entities, in source file vga_sync.vhd
    Info: Found design unit 1: VGA_SYNC-a
    Info: Found entity 1: VGA_SYNC
Info: Found 2 design units, including 1 entities, in source file video_memory.vhd
    Info: Found design unit 1: video_memory-SYN
    Info: Found entity 1: Video_Memory
Info: Found 2 design units, including 1 entities, in source file wr_memory.vhd
    Info: Found design unit 1: wr_memory-functional
    Info: Found entity 1: wr_memory
Info: Found 2 design units, including 1 entities, in source file tx_module.vhd
    Info: Found design unit 1: tx_module-main
    Info: Found entity 1: tx_module
Info: Found 2 design units, including 1 entities, in source file design1.vhd
    Info: Found design unit 1: Design1-main
    Info: Found entity 1: Design1
Info: Found 2 design units, including 1 entities, in source file registerbank.vhd
    Info: Found design unit 1: register_bank2-main
    Info: Found entity 1: register_bank2
Info: Found 2 design units, including 1 entities, in source file main.vhd
    Info: Found design unit 1: main_control-main
    Info: Found entity 1: main_control
Info: Found 2 design units, including 1 entities, in source file game.vhd
    Info: Found design unit 1: game-main
    Info: Found entity 1: game
Info: Found 2 design units, including 1 entities, in source file tx_block.vhd
    Info: Found design unit 1: tx_block-main
    Info: Found entity 1: tx_block
Info: Found 2 design units, including 1 entities, in source file rx_block.vhd
    Info: Found design unit 1: rx_block-main
    Info: Found entity 1: rx_block
Info: Found 2 design units, including 1 entities, in source file main_entity.vhd
    Info: Found design unit 1: main_entity-main
    Info: Found entity 1: main_entity
Info: Found 2 design units, including 1 entities, in source file square_map.vhd
    Info: Found design unit 1: square_map-functional
    Info: Found entity 1: square_map
Info: Found 2 design units, including 1 entities, in source file kb_xy_module.vhd
    Info: Found design unit 1: kb_xy_module-main
    Info: Found entity 1: kb_xy_module
Info: Found 2 design units, including 1 entities, in source file ram64.vhd
    Info: Found design unit 1: ram64-SYN
    Info: Found entity 1: ram64
Info: Found 2 design units, including 1 entities, in source file add64_gen.vhd
    Info: Found design unit 1: add64_gen-a
    Info: Found entity 1: add64_gen
Info: Found 1 design units, including 1 entities, in source file trash.bdf
    Info: Found entity 1: trash
Info: Found 2 design units, including 1 entities, in source file inverse_square_map.vhd
    Info: Found design unit 1: inverse_square_map-inv_functional
    Info: Found entity 1: inverse_square_map
Info: Found 1 design units, including 1 entities, in source file sender_receiver.bdf
    Info: Found entity 1: sender_receiver
Error: Quartus II Analysis & Synthesis was unsuccessful. 3 errors, 0 warnings
    Error: Peak virtual memory: 241 megabytes
    Error: Processing ended: Tue Dec 19 20:17:28 2023
    Error: Elapsed time: 00:00:02
    Error: Total CPU time (on all processors): 00:00:02


