--------------------------------------------------------------------------------------
Timing Analyzer Summary
--------------------------------------------------------------------------------------

Type           : Worst-case tsu
Slack          : N/A
Required Time  : None
Actual Time    : 6.629 ns
From           : KEY[0]
To             : i_o_manager_vga:inst13|VGA_visualisation:b2v_inst1|wr_memory:inst1|address_t[6]
From Clock     : --
To Clock       : OSC_50
Failed Paths   : 0

Type           : Worst-case tco
Slack          : N/A
Required Time  : None
Actual Time    : 11.122 ns
From           : i_o_manager_vga:inst13|VGA_visualisation:b2v_inst1|VGA_SYNC:inst2|video_on_v
To             : VGA_SYNC
From Clock     : OSC_50
To Clock       : --
Failed Paths   : 0

Type           : Worst-case th
Slack          : N/A
Required Time  : None
Actual Time    : 2.401 ns
From           : pin_name14
To             : register_bank2:GUESS_CODE|state.st_end
From Clock     : --
To Clock       : OSC_50
Failed Paths   : 0

Type           : Clock Setup: 'OSC_50'
Slack          : N/A
Required Time  : None
Actual Time    : 148.54 MHz ( period = 6.732 ns )
From           : keypad:inst2|colq[0]
To             : keytest_h_v2:inst7|keycode_int[3]
From Clock     : OSC_50
To Clock       : OSC_50
Failed Paths   : 0

Type           : Total number of failed paths
Slack          : 
Required Time  : 
Actual Time    : 
From           : 
To             : 
From Clock     : 
To Clock       : 
Failed Paths   : 0

--------------------------------------------------------------------------------------

